// Jest Snapshot v1, https://goo.gl/fbAQLP

exports[`Link changes the class when hovered 1`] = `
<button
  className="btn btn-default"
  disabled={false}
  type="button"
>
  Cute button!
</button>
`;
